/SiteWebIF/Intranet-etudiant.php (478 hits)
/temps/ (155 hits)
/notesif/ (138 hits)
/temps/4IF39.html (130 hits)
/notesif (109 hits)
/temps/4IF38.html (102 hits)
/temps/3IF39.html (88 hits)
/temps/4IF40.html (87 hits)
/temps/3IF1.ics (84 hits)
/temps/3IF40.html (71 hits)
