Error, can't open file
Error, input file does not exist. name.log
