/temps/4IF16.html (4 hits)
/temps/4IF17.html (3 hits)
/temps/FondInsa.jpg (1 hits)
/temps/3IF37.html (1 hits)
