Error, please enter a valid hour. -t [hour], 0<=hour<=23
